// Jest Snapshot v1, https://goo.gl/fbAQLP

exports[`Hero matches snapshot 1`] = `
<DocumentFragment>
  <section
    class="flex section hero"
  >
    <div
      class="flex icon"
    >
      <div
        class="flex container"
      >
        <img
          alt="Waving hand emoji"
          data-nimg="1"
          decoding="async"
          height="64"
          loading="lazy"
          src="/_next/image?url=https%3A%2F%2Fcl-payload.cr.chailandau.com%2Ficons%2Fwave.png&w=128&q=75"
          srcset="/_next/image?url=https%3A%2F%2Fcl-payload.cr.chailandau.com%2Ficons%2Fwave.png&w=64&q=75 1x, /_next/image?url=https%3A%2F%2Fcl-payload.cr.chailandau.com%2Ficons%2Fwave.png&w=128&q=75 2x"
          style="color: transparent;"
          width="64"
        />
      </div>
    </div>
    <h1
      class="heading lg primary"
    >
      Hi, I’m  Chai.
    </h1>
    <div
      class="colored-subhead colored-subhead"
    >
      <span
        class="text md secondary"
      >
        I’m a 
      </span>
      <span
        class="text md bg-aqua secondary"
      >
        designer-turned-engineer
      </span>
      <span
        class="text md secondary"
      >
         obsessed with 
      </span>
      <span
        class="text md bg-white secondary"
      >
        accessibility
      </span>
      <span
        class="text md secondary"
      >
         and 
      </span>
      <span
        class="text md bg-pink secondary"
      >
        user experience.
      </span>
    </div>
    <a
      class="link underline cta"
      href="/about"
      rel=""
      target=""
    >
      <span
        class="link-text"
      >
        learn more
      </span>
      <span
        class="link-icon"
      >
        &gt;
      </span>
    </a>
  </section>
</DocumentFragment>
`;
