// Jest Snapshot v1, https://goo.gl/fbAQLP

exports[`graphqlQueries mocks NAV_QUERY successfully 1`] = `
{
  "data": {
    "Nav": {
      "footerCopyrightText": "Hello World",
      "menuItems": [
        {
          "customLabel": "Hello World",
          "overridePageName": false,
          "page": {
            "id": "Hello World",
            "slug": "Hello World",
            "title": "Hello World",
          },
        },
        {
          "customLabel": "Hello World",
          "overridePageName": false,
          "page": {
            "id": "Hello World",
            "slug": "Hello World",
            "title": "Hello World",
          },
        },
      ],
    },
  },
}
`;

exports[`graphqlQueries mocks PAGE_CONTENT_QUERY successfully 1`] = `
{
  "errors": [
    [GraphQLError: Variable "$slug" of required type "String!" was not provided.],
  ],
}
`;

exports[`graphqlQueries mocks PAGES_QUERY successfully 1`] = `
{
  "data": {
    "Pages": {
      "docs": [
        {
          "id": "Hello World",
          "sections": [
            {
              "hero": {
                "coloredSubhead": null,
                "cta": {
                  "externalLink": "Hello World",
                  "id": "Hello World",
                  "internalLink": {
                    "id": "Hello World",
                    "slug": "Hello World",
                  },
                  "label": "Hello World",
                  "linkType": "internal",
                },
                "heading": "Hello World",
                "headingTag": "Hello World",
                "icon": {
                  "alt": "Hello World",
                  "height": 64,
                  "id": "Hello World",
                  "url": "Hello World",
                  "width": 64,
                },
                "id": "Hello World",
              },
              "id": "Hello World",
            },
            {
              "hero": {
                "coloredSubhead": null,
                "cta": {
                  "externalLink": "Hello World",
                  "id": "Hello World",
                  "internalLink": {
                    "id": "Hello World",
                    "slug": "Hello World",
                  },
                  "label": "Hello World",
                  "linkType": "internal",
                },
                "heading": "Hello World",
                "headingTag": "Hello World",
                "icon": {
                  "alt": "Hello World",
                  "height": 64,
                  "id": "Hello World",
                  "url": "Hello World",
                  "width": 64,
                },
                "id": "Hello World",
              },
              "id": "Hello World",
            },
          ],
          "slug": "Hello World",
          "title": "Hello World",
        },
        {
          "id": "Hello World",
          "sections": [
            {
              "hero": {
                "coloredSubhead": null,
                "cta": {
                  "externalLink": "Hello World",
                  "id": "Hello World",
                  "internalLink": {
                    "id": "Hello World",
                    "slug": "Hello World",
                  },
                  "label": "Hello World",
                  "linkType": "internal",
                },
                "heading": "Hello World",
                "headingTag": "Hello World",
                "icon": {
                  "alt": "Hello World",
                  "height": 64,
                  "id": "Hello World",
                  "url": "Hello World",
                  "width": 64,
                },
                "id": "Hello World",
              },
              "id": "Hello World",
            },
            {
              "hero": {
                "coloredSubhead": null,
                "cta": {
                  "externalLink": "Hello World",
                  "id": "Hello World",
                  "internalLink": {
                    "id": "Hello World",
                    "slug": "Hello World",
                  },
                  "label": "Hello World",
                  "linkType": "internal",
                },
                "heading": "Hello World",
                "headingTag": "Hello World",
                "icon": {
                  "alt": "Hello World",
                  "height": 64,
                  "id": "Hello World",
                  "url": "Hello World",
                  "width": 64,
                },
                "id": "Hello World",
              },
              "id": "Hello World",
            },
          ],
          "slug": "Hello World",
          "title": "Hello World",
        },
      ],
    },
  },
  "errors": [
    [GraphQLError: No mock defined for type "JSON"],
    [GraphQLError: No mock defined for type "JSON"],
    [GraphQLError: No mock defined for type "JSON"],
    [GraphQLError: No mock defined for type "JSON"],
  ],
}
`;

exports[`graphqlQueries mocks SLUG_QUERY successfully 1`] = `
{
  "data": {
    "Pages": {
      "docs": [
        {
          "slug": "Hello World",
        },
        {
          "slug": "Hello World",
        },
      ],
    },
  },
}
`;
